&looker.Interface{
    ImportPath: looker.ImportElement{Path:"github.com/go-gad/sal/examples/bookstore", Alias:""},
    UserType:   "Store",
    Methods:    {
        &looker.Method{
            Name: "BeginTx",
            In:   {
                &looker.InterfaceElement{
                    ImportPath: looker.ImportElement{Path:"context", Alias:""},
                    UserType:   "Context",
                },
                &looker.StructElement{
                    ImportPath: looker.ImportElement{Path:"database/sql", Alias:""},
                    UserType:   "TxOptions",
                    IsPointer:  true,
                    Fields:     {
                        {
                            Name:       "Isolation",
                            ImportPath: looker.ImportElement{Path:"database/sql", Alias:""},
                            BaseType:   "int",
                            UserType:   "IsolationLevel",
                            Anonymous:  false,
                            Tag:        "",
                            Parents:    {},
                        },
                        {
                            Name:       "ReadOnly",
                            ImportPath: looker.ImportElement{},
                            BaseType:   "bool",
                            UserType:   "bool",
                            Anonymous:  false,
                            Tag:        "",
                            Parents:    {},
                        },
                    },
                    ProcessRower: false,
                },
            },
            Out: {
                &looker.InterfaceElement{
                    ImportPath: looker.ImportElement{Path:"github.com/go-gad/sal/examples/bookstore", Alias:""},
                    UserType:   "Store",
                },
                &looker.InterfaceElement{
                    ImportPath: looker.ImportElement{},
                    UserType:   "error",
                },
            },
        },
        &looker.Method{
            Name: "CreateAuthor",
            In:   {
                &looker.InterfaceElement{
                    ImportPath: looker.ImportElement{Path:"context", Alias:""},
                    UserType:   "Context",
                },
                &looker.StructElement{
                    ImportPath: looker.ImportElement{Path:"github.com/go-gad/sal/examples/bookstore", Alias:""},
                    UserType:   "CreateAuthorReq",
                    IsPointer:  false,
                    Fields:     {
                        {
                            Name:       "Name",
                            ImportPath: looker.ImportElement{},
                            BaseType:   "string",
                            UserType:   "string",
                            Anonymous:  false,
                            Tag:        "",
                            Parents:    {"BaseAuthor"},
                        },
                        {
                            Name:       "Desc",
                            ImportPath: looker.ImportElement{},
                            BaseType:   "string",
                            UserType:   "string",
                            Anonymous:  false,
                            Tag:        "",
                            Parents:    {"BaseAuthor"},
                        },
                    },
                    ProcessRower: false,
                },
            },
            Out: {
                &looker.StructElement{
                    ImportPath: looker.ImportElement{Path:"github.com/go-gad/sal/examples/bookstore", Alias:""},
                    UserType:   "CreateAuthorResp",
                    IsPointer:  false,
                    Fields:     {
                        {
                            Name:       "ID",
                            ImportPath: looker.ImportElement{},
                            BaseType:   "int64",
                            UserType:   "int64",
                            Anonymous:  false,
                            Tag:        "",
                            Parents:    {},
                        },
                        {
                            Name:       "CreatedAt",
                            ImportPath: looker.ImportElement{Path:"time", Alias:""},
                            BaseType:   "struct",
                            UserType:   "Time",
                            Anonymous:  false,
                            Tag:        "",
                            Parents:    {},
                        },
                    },
                    ProcessRower: false,
                },
                &looker.InterfaceElement{
                    ImportPath: looker.ImportElement{},
                    UserType:   "error",
                },
            },
        },
        &looker.Method{
            Name: "CreateAuthorPtr",
            In:   {
                &looker.InterfaceElement{
                    ImportPath: looker.ImportElement{Path:"context", Alias:""},
                    UserType:   "Context",
                },
                &looker.StructElement{
                    ImportPath: looker.ImportElement{Path:"github.com/go-gad/sal/examples/bookstore", Alias:""},
                    UserType:   "CreateAuthorReq",
                    IsPointer:  false,
                    Fields:     {
                        {
                            Name:       "Name",
                            ImportPath: looker.ImportElement{},
                            BaseType:   "string",
                            UserType:   "string",
                            Anonymous:  false,
                            Tag:        "",
                            Parents:    {"BaseAuthor"},
                        },
                        {
                            Name:       "Desc",
                            ImportPath: looker.ImportElement{},
                            BaseType:   "string",
                            UserType:   "string",
                            Anonymous:  false,
                            Tag:        "",
                            Parents:    {"BaseAuthor"},
                        },
                    },
                    ProcessRower: false,
                },
            },
            Out: {
                &looker.StructElement{
                    ImportPath: looker.ImportElement{Path:"github.com/go-gad/sal/examples/bookstore", Alias:""},
                    UserType:   "CreateAuthorResp",
                    IsPointer:  true,
                    Fields:     {
                        {
                            Name:       "ID",
                            ImportPath: looker.ImportElement{},
                            BaseType:   "int64",
                            UserType:   "int64",
                            Anonymous:  false,
                            Tag:        "",
                            Parents:    {},
                        },
                        {
                            Name:       "CreatedAt",
                            ImportPath: looker.ImportElement{Path:"time", Alias:""},
                            BaseType:   "struct",
                            UserType:   "Time",
                            Anonymous:  false,
                            Tag:        "",
                            Parents:    {},
                        },
                    },
                    ProcessRower: false,
                },
                &looker.InterfaceElement{
                    ImportPath: looker.ImportElement{},
                    UserType:   "error",
                },
            },
        },
        &looker.Method{
            Name: "GetAuthors",
            In:   {
                &looker.InterfaceElement{
                    ImportPath: looker.ImportElement{Path:"context", Alias:""},
                    UserType:   "Context",
                },
                &looker.StructElement{
                    ImportPath: looker.ImportElement{Path:"github.com/go-gad/sal/examples/bookstore", Alias:""},
                    UserType:   "GetAuthorsReq",
                    IsPointer:  false,
                    Fields:     {
                        {
                            Name:       "ID",
                            ImportPath: looker.ImportElement{},
                            BaseType:   "int64",
                            UserType:   "int64",
                            Anonymous:  false,
                            Tag:        "id",
                            Parents:    {},
                        },
                        {
                            Name:       "Tags",
                            ImportPath: looker.ImportElement{},
                            BaseType:   "slice",
                            UserType:   "",
                            Anonymous:  false,
                            Tag:        "tags",
                            Parents:    {"Tags"},
                        },
                    },
                    ProcessRower: true,
                },
            },
            Out: {
                &looker.SliceElement{
                    ImportPath: looker.ImportElement{Path:"", Alias:"bookstore"},
                    UserType:   "",
                    Item:       &looker.StructElement{
                        ImportPath: looker.ImportElement{Path:"github.com/go-gad/sal/examples/bookstore", Alias:""},
                        UserType:   "GetAuthorsResp",
                        IsPointer:  true,
                        Fields:     {
                            {
                                Name:       "ID",
                                ImportPath: looker.ImportElement{},
                                BaseType:   "int64",
                                UserType:   "int64",
                                Anonymous:  false,
                                Tag:        "id",
                                Parents:    {},
                            },
                            {
                                Name:       "CreatedAt",
                                ImportPath: looker.ImportElement{Path:"time", Alias:""},
                                BaseType:   "struct",
                                UserType:   "Time",
                                Anonymous:  false,
                                Tag:        "created_at",
                                Parents:    {},
                            },
                            {
                                Name:       "Name",
                                ImportPath: looker.ImportElement{},
                                BaseType:   "string",
                                UserType:   "string",
                                Anonymous:  false,
                                Tag:        "name",
                                Parents:    {},
                            },
                            {
                                Name:       "Desc",
                                ImportPath: looker.ImportElement{},
                                BaseType:   "string",
                                UserType:   "string",
                                Anonymous:  false,
                                Tag:        "desc",
                                Parents:    {},
                            },
                            {
                                Name:       "Tags",
                                ImportPath: looker.ImportElement{},
                                BaseType:   "slice",
                                UserType:   "",
                                Anonymous:  false,
                                Tag:        "tags",
                                Parents:    {"Tags"},
                            },
                        },
                        ProcessRower: true,
                    },
                    IsPointer: false,
                },
                &looker.InterfaceElement{
                    ImportPath: looker.ImportElement{},
                    UserType:   "error",
                },
            },
        },
        &looker.Method{
            Name: "SameName",
            In:   {
                &looker.InterfaceElement{
                    ImportPath: looker.ImportElement{Path:"context", Alias:""},
                    UserType:   "Context",
                },
                &looker.StructElement{
                    ImportPath: looker.ImportElement{Path:"github.com/go-gad/sal/examples/bookstore", Alias:""},
                    UserType:   "SameNameReq",
                    IsPointer:  false,
                    Fields:     {
                    },
                    ProcessRower: false,
                },
            },
            Out: {
                &looker.StructElement{
                    ImportPath: looker.ImportElement{Path:"github.com/go-gad/sal/examples/bookstore", Alias:""},
                    UserType:   "SameNameResp",
                    IsPointer:  true,
                    Fields:     {
                        {
                            Name:       "Bar",
                            ImportPath: looker.ImportElement{},
                            BaseType:   "string",
                            UserType:   "string",
                            Anonymous:  false,
                            Tag:        "",
                            Parents:    {},
                        },
                        {
                            Name:       "Bar",
                            ImportPath: looker.ImportElement{},
                            BaseType:   "string",
                            UserType:   "string",
                            Anonymous:  false,
                            Tag:        "",
                            Parents:    {"Foo"},
                        },
                    },
                    ProcessRower: false,
                },
                &looker.InterfaceElement{
                    ImportPath: looker.ImportElement{},
                    UserType:   "error",
                },
            },
        },
        &looker.Method{
            Name: "Tx",
            In:   {
            },
            Out: {
                &looker.InterfaceElement{
                    ImportPath: looker.ImportElement{Path:"github.com/go-gad/sal", Alias:""},
                    UserType:   "Transaction",
                },
            },
        },
        &looker.Method{
            Name: "UpdateAuthor",
            In:   {
                &looker.InterfaceElement{
                    ImportPath: looker.ImportElement{Path:"context", Alias:""},
                    UserType:   "Context",
                },
                &looker.StructElement{
                    ImportPath: looker.ImportElement{Path:"github.com/go-gad/sal/examples/bookstore", Alias:""},
                    UserType:   "UpdateAuthorReq",
                    IsPointer:  true,
                    Fields:     {
                        {
                            Name:       "ID",
                            ImportPath: looker.ImportElement{},
                            BaseType:   "int64",
                            UserType:   "int64",
                            Anonymous:  false,
                            Tag:        "",
                            Parents:    {},
                        },
                        {
                            Name:       "Name",
                            ImportPath: looker.ImportElement{},
                            BaseType:   "string",
                            UserType:   "string",
                            Anonymous:  false,
                            Tag:        "",
                            Parents:    {"BaseAuthor"},
                        },
                        {
                            Name:       "Desc",
                            ImportPath: looker.ImportElement{},
                            BaseType:   "string",
                            UserType:   "string",
                            Anonymous:  false,
                            Tag:        "",
                            Parents:    {"BaseAuthor"},
                        },
                    },
                    ProcessRower: false,
                },
            },
            Out: {
                &looker.InterfaceElement{
                    ImportPath: looker.ImportElement{},
                    UserType:   "error",
                },
            },
        },
        &looker.Method{
            Name: "UpdateAuthorResult",
            In:   {
                &looker.InterfaceElement{
                    ImportPath: looker.ImportElement{Path:"context", Alias:""},
                    UserType:   "Context",
                },
                &looker.StructElement{
                    ImportPath: looker.ImportElement{Path:"github.com/go-gad/sal/examples/bookstore", Alias:""},
                    UserType:   "UpdateAuthorReq",
                    IsPointer:  true,
                    Fields:     {
                        {
                            Name:       "ID",
                            ImportPath: looker.ImportElement{},
                            BaseType:   "int64",
                            UserType:   "int64",
                            Anonymous:  false,
                            Tag:        "",
                            Parents:    {},
                        },
                        {
                            Name:       "Name",
                            ImportPath: looker.ImportElement{},
                            BaseType:   "string",
                            UserType:   "string",
                            Anonymous:  false,
                            Tag:        "",
                            Parents:    {"BaseAuthor"},
                        },
                        {
                            Name:       "Desc",
                            ImportPath: looker.ImportElement{},
                            BaseType:   "string",
                            UserType:   "string",
                            Anonymous:  false,
                            Tag:        "",
                            Parents:    {"BaseAuthor"},
                        },
                    },
                    ProcessRower: false,
                },
            },
            Out: {
                &looker.InterfaceElement{
                    ImportPath: looker.ImportElement{Path:"database/sql", Alias:""},
                    UserType:   "Result",
                },
                &looker.InterfaceElement{
                    ImportPath: looker.ImportElement{},
                    UserType:   "error",
                },
            },
        },
    },
}